[
  {
    "layout": "title-and-body",
    "titles": [
      "Block Quote"
    ],
    "bodies": [
      {
        "paragraphs": [
          {
            "fragments": [
              {
                "value": "This is paragraph."
              }
            ]
          }
        ]
      }
    ],
    "block_quotes": [
      {
        "paragraphs": [
          {
            "fragments": [
              {
                "value": "NOTICE"
              },
              {
                "value": "!\n"
              },
              {
                "value": "Hello "
              },
              {
                "value": "World!",
                "bold": true
              }
            ]
          }
        ]
      },
      {
        "paragraphs": [
          {
            "fragments": [
              {
                "value": "WARNING"
              },
              {
                "value": "!\n"
              },
              {
                "value": "Hello "
              },
              {
                "value": "Space!",
                "bold": true
              }
            ]
          }
        ]
      },
      {
        "paragraphs": [
          {
            "fragments": [
              {
                "value": "NESTED"
              },
              {
                "value": "!\n"
              },
              {
                "value": "But flatten"
              }
            ]
          }
        ],
        "nesting": 1
      },
      {
        "paragraphs": [
          {
            "fragments": [
              {
                "value": "NESTED NESTED"
              },
              {
                "value": "!\n"
              },
              {
                "value": "But flatten"
              }
            ]
          }
        ],
        "nesting": 2
      }
    ],
    "headings": {
      "1": [
        "Block Quote"
      ]
    }
  },
  {
    "layout": "",
    "titles": [
      "Multi Paragraphs in a Block Quote"
    ],
    "block_quotes": [
      {
        "paragraphs": [
          {
            "fragments": [
              {
                "value": "This is the first paragraph."
              }
            ]
          },
          {
            "fragments": [
              {
                "value": "This is the second paragraph."
              }
            ]
          },
          {
            "fragments": [
              {
                "value": "This is a list item."
              }
            ],
            "bullet": "-"
          },
          {
            "fragments": [
              {
                "value": "This is another list item."
              }
            ],
            "bullet": "-"
          }
        ]
      }
    ],
    "headings": {
      "2": [
        "Multi Paragraphs in a Block Quote"
      ]
    }
  }
]