[
  {
    "layout": "title-and-body",
    "titles": [
      "Bold and italic"
    ],
    "bodies": [
      {
        "paragraphs": [
          {
            "fragments": [
              {
                "value": "Bold Italic",
                "bold": true,
                "italic": true
              },
              {
                "value": " and Italic",
                "italic": true
              }
            ],
            "bullet": "-"
          },
          {
            "fragments": [
              {
                "value": "Bold Italic",
                "bold": true,
                "italic": true
              },
              {
                "value": " and Bold",
                "bold": true
              }
            ],
            "bullet": "-"
          }
        ]
      }
    ],
    "title_heading_level": 1
  }
]