[
  {
    "layout": "title-and-body",
    "titles": [
      "Bold and italic"
    ],
    "bodies": [
      {
        "paragraphs": [
          {
            "fragments": [
              {
                "value": "Bold Italic",
                "bold": true,
                "italic": true
              },
              {
                "value": " and Italic",
                "italic": true
              }
            ],
            "bullet": "-"
          },
          {
            "fragments": [
              {
                "value": "Bold Italic",
                "bold": true,
                "italic": true
              },
              {
                "value": " and Bold",
                "bold": true
              }
            ],
            "bullet": "-"
          }
        ]
      }
    ],
    "headings": {
      "1": [
        "Bold and italic"
      ]
    }
  }
]