[
  {
    "layout": "title-and-body",
    "titles": [
      "Hello\nWorld"
    ],
    "bodies": [
      {
        "paragraphs": [
          {
            "fragments": [
              {
                "value": "Hello"
              },
              {
                "value": "\n"
              },
              {
                "value": "World"
              }
            ]
          }
        ]
      }
    ],
    "headings": {
      "1": [
        "Hello\nWorld"
      ]
    }
  }
]