[
  {
    "layout": "",
    "titles": [
      "Testing Soft Line Breaks"
    ],
    "bodies": [
      {
        "paragraphs": [
          {
            "fragments": [
              {
                "value": "This is a test\nwith soft line break\nthat should render as breaks."
              }
            ]
          }
        ]
      }
    ],
    "headings": {
      "1": [
        "Testing Soft Line Breaks"
      ]
    }
  },
  {
    "layout": "",
    "titles": [
      "List with soft breaks"
    ],
    "bodies": [
      {
        "paragraphs": [
          {
            "fragments": [
              {
                "value": "First item with\nsoft break"
              }
            ],
            "bullet": "-"
          },
          {
            "fragments": [
              {
                "value": "Second item with\nanother soft break"
              }
            ],
            "bullet": "-"
          }
        ]
      }
    ],
    "headings": {
      "2": [
        "List with soft breaks"
      ]
    }
  },
  {
    "layout": "",
    "titles": [
      "Blockquote with breaks"
    ],
    "block_quotes": [
      {
        "paragraphs": [
          {
            "fragments": [
              {
                "value": "This is a quote\nwith soft line breaks\nin multiple places."
              }
            ]
          }
        ]
      }
    ],
    "headings": {
      "2": [
        "Blockquote with breaks"
      ]
    }
  }
]