[
  {
    "layout": "",
    "titles": [
      "Testing Soft Line Breaks"
    ],
    "bodies": [
      {
        "paragraphs": [
          {
            "fragments": [
              {
                "value": "This is a test\n"
              },
              {
                "value": "with soft line break\n"
              },
              {
                "value": "that should render as breaks."
              }
            ]
          }
        ]
      }
    ],
    "headings": {
      "1": [
        "Testing Soft Line Breaks"
      ]
    }
  },
  {
    "layout": "",
    "titles": [
      "List with soft breaks"
    ],
    "bodies": [
      {
        "paragraphs": [
          {
            "fragments": [
              {
                "value": "First item with\n"
              },
              {
                "value": "soft break"
              }
            ],
            "bullet": "-"
          },
          {
            "fragments": [
              {
                "value": "Second item with\n"
              },
              {
                "value": "another soft break"
              }
            ],
            "bullet": "-"
          }
        ]
      }
    ],
    "headings": {
      "2": [
        "List with soft breaks"
      ]
    }
  },
  {
    "layout": "",
    "titles": [
      "Blockquote with breaks"
    ],
    "block_quotes": [
      {
        "paragraphs": [
          {
            "fragments": [
              {
                "value": "This is a quote\n"
              },
              {
                "value": "with soft line breaks\n"
              },
              {
                "value": "in multiple places."
              }
            ]
          }
        ]
      }
    ],
    "headings": {
      "2": [
        "Blockquote with breaks"
      ]
    }
  }
]