[
  {
    "layout": "",
    "titles": [
      "Testing Soft Line Breaks (Default)"
    ],
    "bodies": [
      {
        "paragraphs": [
          {
            "fragments": [
              {
                "value": "This is a test with soft line break that should NOT render as breaks by default."
              }
            ]
          }
        ]
      }
    ],
    "headings": {
      "1": [
        "Testing Soft Line Breaks (Default)"
      ]
    }
  },
  {
    "layout": "",
    "titles": [
      "List with soft breaks"
    ],
    "bodies": [
      {
        "paragraphs": [
          {
            "fragments": [
              {
                "value": "First item with soft break"
              }
            ],
            "bullet": "-"
          },
          {
            "fragments": [
              {
                "value": "Second item with another soft break"
              }
            ],
            "bullet": "-"
          }
        ]
      }
    ],
    "headings": {
      "2": [
        "List with soft breaks"
      ]
    }
  },
  {
    "layout": "",
    "titles": [
      "Blockquote with breaks"
    ],
    "block_quotes": [
      {
        "paragraphs": [
          {
            "fragments": [
              {
                "value": "This is a quote with soft line breaks in multiple places."
              }
            ]
          }
        ]
      }
    ],
    "headings": {
      "2": [
        "Blockquote with breaks"
      ]
    }
  }
]