[
  {
    "layout": "title-and-body-3col",
    "titles": [
      "CAP theorem"
    ],
    "subtitles": [
      "In Database theory"
    ],
    "bodies": [
      {
        "paragraphs": [
          {
            "fragments": [
              {
                "value": "Consistency",
                "bold": true
              }
            ]
          },
          {
            "fragments": [
              {
                "value": "Every read receives the most recent write or an error."
              }
            ]
          },
          {
            "fragments": [
              {
                "value": "Availability",
                "bold": true
              }
            ]
          },
          {
            "fragments": [
              {
                "value": "Every request received by a non-failing node in the system must result in a response."
              }
            ]
          },
          {
            "fragments": [
              {
                "value": "Partition tolerance",
                "bold": true
              }
            ]
          },
          {
            "fragments": [
              {
                "value": "The system continues to operate despite an arbitrary number of messages being dropped (or delayed) by the network between nodes."
              }
            ]
          }
        ]
      }
    ]
  }
]