[
  {
    "layout": "title-and-body",
    "titles": [
      "Inline Code"
    ],
    "subtitles": [
      "Hello code"
    ],
    "bodies": [
      {
        "paragraphs": [
          {
            "fragments": [
              {
                "value": "Hello "
              },
              {
                "value": "code",
                "code": true
              }
            ],
            "bullet": "-"
          },
          {
            "fragments": [
              {
                "value": "code",
                "code": true
              },
              {
                "value": " world"
              }
            ],
            "bullet": "-"
          },
          {
            "fragments": [
              {
                "value": "code",
                "code": true
              }
            ]
          }
        ]
      }
    ],
    "headings": {
      "1": [
        "Inline Code"
      ],
      "2": [
        "Hello code"
      ]
    }
  }
]