[
  {
    "layout": "",
    "titles": [
      "Code Block"
    ],
    "code_blocks": [
      {
        "language": "go",
        "content": "package main\n\nimport \"fmt\"\n\nfunc main() {\n\tfmt.Println(\"Hello, 世界\")\n}\n"
      },
      {
        "language": "ts",
        "content": "const anExampleVariable = \"Hello World\"\nconsole.log(anExampleVariable)\n"
      },
      {
        "language": "mermaid",
        "content": "graph TD\n    A[md.Contents] --\u003e B[deck.Slide];\n    B --\u003e C[Google Slides];\n"
      },
      {
        "content": "Hello World\n"
      },
      {
        "content": "---\nHello with ---\n"
      }
    ],
    "title_heading_level": 1
  },
  {
    "layout": "title-and-body",
    "titles": [
      "Test Page 2"
    ],
    "bodies": [
      {
        "paragraphs": [
          {
            "fragments": [
              {
                "value": "This is the second page."
              }
            ]
          }
        ]
      }
    ],
    "title_heading_level": 1
  }
]