[
  {
    "layout": "title-and-body",
    "titles": [
      "Empty list"
    ],
    "bodies": [
      {
        "paragraphs": [
          {
            "fragments": [
              {
                "value": "A"
              }
            ],
            "bullet": "-"
          }
        ]
      }
    ],
    "headings": {
      "1": [
        "Empty list"
      ]
    }
  }
]