[
  {
    "layout": "",
    "titles": [
      "Title"
    ]
  },
  {
    "layout": "",
    "titles": [
      "Title"
    ],
    "bodies": [
      {
        "paragraphs": [
          {
            "fragments": [
              {
                "value": "A"
              }
            ],
            "bullet": "-"
          }
        ]
      }
    ]
  }
]