[
  {
    "layout": "",
    "titles": [
      "First Slide"
    ],
    "bodies": [
      {
        "paragraphs": [
          {
            "fragments": [
              {
                "value": "This slide will be included."
              }
            ]
          }
        ]
      }
    ],
    "headings": {
      "1": [
        "First Slide"
      ]
    }
  },
  {
    "layout": "",
    "ignore": true,
    "titles": [
      "Second Slide - Ignored"
    ],
    "bodies": [
      {
        "paragraphs": [
          {
            "fragments": [
              {
                "value": "This slide will be ignored and not included in the presentation."
              }
            ]
          }
        ]
      }
    ],
    "headings": {
      "1": [
        "Second Slide - Ignored"
      ]
    }
  },
  {
    "layout": "",
    "titles": [
      "Third Slide"
    ],
    "bodies": [
      {
        "paragraphs": [
          {
            "fragments": [
              {
                "value": "This slide will be included again."
              }
            ]
          }
        ]
      }
    ],
    "headings": {
      "1": [
        "Third Slide"
      ]
    }
  },
  {
    "layout": "",
    "ignore": true,
    "titles": [
      "Fourth Slide - Also Ignored"
    ],
    "bodies": [
      {
        "paragraphs": [
          {
            "fragments": [
              {
                "value": "Another slide that should be ignored."
              }
            ]
          },
          {
            "fragments": [
              {
                "value": "Some more content here."
              }
            ]
          }
        ]
      }
    ],
    "headings": {
      "1": [
        "Fourth Slide - Also Ignored"
      ]
    }
  },
  {
    "layout": "",
    "titles": [
      "Fifth Slide"
    ],
    "bodies": [
      {
        "paragraphs": [
          {
            "fragments": [
              {
                "value": "Final slide that will be included."
              }
            ]
          }
        ]
      }
    ],
    "headings": {
      "1": [
        "Fifth Slide"
      ]
    }
  }
]