[
  {
    "layout": "",
    "titles": [
      "First Slide"
    ],
    "bodies": [
      {
        "paragraphs": [
          {
            "fragments": [
              {
                "value": "This slide will be included."
              }
            ]
          }
        ]
      }
    ]
  },
  {
    "layout": "",
    "titles": [
      "Third Slide"
    ],
    "bodies": [
      {
        "paragraphs": [
          {
            "fragments": [
              {
                "value": "This slide will be included again."
              }
            ]
          }
        ]
      }
    ]
  },
  {
    "layout": "",
    "titles": [
      "Fifth Slide"
    ],
    "bodies": [
      {
        "paragraphs": [
          {
            "fragments": [
              {
                "value": "Final slide that will be included."
              }
            ]
          }
        ]
      }
    ]
  }
]