[
  {
    "layout": "",
    "key": "a7b5",
    "titles": [
      "First"
    ],
    "headings": {
      "1": [
        "First"
      ]
    }
  },
  {
    "layout": "title-and-body",
    "key": "c9d2",
    "titles": [
      "Second"
    ],
    "headings": {
      "1": [
        "Second"
      ]
    }
  }
]