[
  {
    "layout": "title-and-body",
    "titles": [
      "Lists with blank line"
    ],
    "bodies": [
      {
        "paragraphs": [
          {
            "fragments": [
              {
                "value": "First list item"
              }
            ],
            "bullet": "-"
          },
          {
            "fragments": [
              {
                "value": "Second list item"
              }
            ],
            "bullet": "-"
          }
        ]
      }
    ]
  }
]