[
  {
    "layout": "title-and-body",
    "titles": [
      "List and paragraph"
    ],
    "bodies": [
      {
        "paragraphs": [
          {
            "fragments": [
              {
                "value": "A"
              }
            ],
            "bullet": "-"
          },
          {
            "fragments": [
              {
                "value": "B"
              }
            ],
            "bullet": "-"
          },
          {
            "fragments": [
              {
                "value": "\n"
              },
              {
                "value": "\n"
              }
            ]
          },
          {
            "fragments": [
              {
                "value": "C ",
                "bold": true
              },
              {
                "value": "D "
              },
              {
                "value": "E"
              },
              {
                "value": "\n"
              },
              {
                "value": "F",
                "italic": true
              }
            ]
          },
          {
            "fragments": [
              {
                "value": "G"
              }
            ],
            "bullet": "-"
          },
          {
            "fragments": [
              {
                "value": "H"
              }
            ],
            "bullet": "-"
          }
        ]
      }
    ]
  }
]