[
  {
    "layout": "",
    "titles": [
      "Nested List"
    ]
  },
  {
    "layout": "",
    "titles": [
      "4-space padding"
    ],
    "bodies": [
      {
        "paragraphs": [
          {
            "fragments": [
              {
                "value": "A"
              }
            ],
            "bullet": "-"
          },
          {
            "fragments": [
              {
                "value": "B"
              }
            ],
            "bullet": "-",
            "nesting": 1
          },
          {
            "fragments": [
              {
                "value": "C"
              }
            ],
            "bullet": "-",
            "nesting": 2
          }
        ]
      }
    ]
  },
  {
    "layout": "",
    "titles": [
      "2-space padding"
    ],
    "bodies": [
      {
        "paragraphs": [
          {
            "fragments": [
              {
                "value": "A"
              }
            ],
            "bullet": "-"
          },
          {
            "fragments": [
              {
                "value": "B"
              }
            ],
            "bullet": "-",
            "nesting": 1
          },
          {
            "fragments": [
              {
                "value": "C"
              }
            ],
            "bullet": "-",
            "nesting": 2
          }
        ]
      }
    ]
  }
]