[
  {
    "layout": "",
    "titles": [
      "paragraphs"
    ],
    "bodies": [
      {
        "paragraphs": [
          {
            "fragments": [
              {
                "value": "Paragraph1"
              }
            ]
          },
          {
            "fragments": [
              {
                "value": "Paragraph2\n"
              },
              {
                "value": "inline line break"
              }
            ]
          },
          {
            "fragments": [
              {
                "value": "Paragraph3"
              }
            ]
          }
        ]
      }
    ],
    "title_heading_level": 1
  }
]