[
  {
    "layout": "",
    "titles": [
      "paragraphs"
    ],
    "bodies": [
      {
        "paragraphs": [
          {
            "fragments": [
              {
                "value": "Paragraph1"
              }
            ]
          },
          {
            "fragments": [
              {
                "value": "Paragraph2\ninline line break"
              }
            ]
          },
          {
            "fragments": [
              {
                "value": "Paragraph3"
              }
            ]
          }
        ]
      }
    ],
    "headings": {
      "1": [
        "paragraphs"
      ]
    }
  }
]