[
  {
    "layout": "title-and-body",
    "titles": [
      "Title"
    ],
    "bodies": [
      {
        "paragraphs": [
          {
            "fragments": [
              {
                "value": "C ",
                "bold": true
              },
              {
                "value": "D"
              }
            ]
          },
          {
            "fragments": [
              {
                "value": "A"
              }
            ],
            "bullet": "-"
          },
          {
            "fragments": [
              {
                "value": "B"
              }
            ],
            "bullet": "-"
          }
        ]
      }
    ]
  }
]