[
  {
    "layout": "title-1",
    "titles": [
      "Title"
    ],
    "subtitles": [
      "Subtitle"
    ],
    "bodies": [
      {
        "paragraphs": [
          {
            "fragments": [
              {
                "value": "@k1LoW"
              }
            ]
          }
        ]
      }
    ]
  },
  {
    "layout": "section-1",
    "titles": [
      "Title"
    ],
    "bodies": [
      {}
    ],
    "comments": [
      "comment",
      "comment"
    ]
  },
  {
    "layout": "",
    "titles": [
      "Title"
    ],
    "bodies": [
      {
        "paragraphs": [
          {
            "fragments": [
              {
                "value": "A"
              }
            ],
            "bullet": "-"
          },
          {
            "fragments": [
              {
                "value": "B",
                "bold": true
              }
            ],
            "bullet": "-"
          },
          {
            "fragments": [
              {
                "value": "C"
              }
            ],
            "bullet": "-"
          },
          {
            "fragments": [
              {
                "value": "D"
              }
            ],
            "bullet": "-",
            "nesting": 1
          },
          {
            "fragments": [
              {
                "value": "E",
                "bold": true
              }
            ],
            "bullet": "-"
          },
          {
            "fragments": [
              {
                "value": "F"
              }
            ],
            "bullet": "-",
            "nesting": 1
          },
          {
            "fragments": [
              {
                "value": "G"
              }
            ],
            "bullet": "-",
            "nesting": 1
          },
          {
            "fragments": [
              {
                "value": "H"
              }
            ],
            "bullet": "1"
          },
          {
            "fragments": [
              {
                "value": "I"
              }
            ],
            "bullet": "1",
            "nesting": 1
          },
          {
            "fragments": [
              {
                "value": "ref: https://github.com/k1LoW/deck"
              }
            ]
          }
        ]
      }
    ]
  },
  {
    "layout": "title-and-body-2",
    "titles": [
      "1"
    ],
    "subtitles": [
      "2",
      "3"
    ],
    "bodies": [
      {
        "paragraphs": [
          {
            "fragments": [
              {
                "value": "body"
              }
            ]
          }
        ]
      }
    ]
  },
  {
    "layout": "title-and-body-4",
    "titles": [
      "1"
    ],
    "subtitles": [
      "2",
      "3",
      "4",
      "5"
    ],
    "bodies": [
      {
        "paragraphs": [
          {
            "fragments": [
              {
                "value": "a"
              }
            ]
          }
        ]
      },
      {
        "paragraphs": [
          {
            "fragments": [
              {
                "value": "b"
              }
            ]
          }
        ]
      },
      {
        "paragraphs": [
          {
            "fragments": [
              {
                "value": "c"
              }
            ]
          }
        ]
      }
    ]
  }
]