[
  {
    "layout": "title-and-body",
    "titles": [
      "Inline Style"
    ],
    "subtitles": [
      "Hello style"
    ],
    "bodies": [
      {
        "paragraphs": [
          {
            "fragments": [
              {
                "value": "Bold Italic",
                "bold": true,
                "italic": true
              },
              {
                "value": " and Italic",
                "italic": true
              }
            ],
            "bullet": "-"
          },
          {
            "fragments": [
              {
                "value": "Bold Italic",
                "bold": true,
                "italic": true
              },
              {
                "value": " and Bold",
                "bold": true
              }
            ],
            "bullet": "-"
          },
          {
            "fragments": [
              {
                "value": "code",
                "code": true
              },
              {
                "value": " and "
              },
              {
                "value": "code bold",
                "bold": true,
                "code": true
              }
            ],
            "bullet": "-"
          },
          {
            "fragments": [
              {
                "value": "Hello "
              },
              {
                "value": "notice",
                "style_name": "notice"
              }
            ],
            "bullet": "-"
          },
          {
            "fragments": [
              {
                "value": "unknown",
                "style_name": "unknown"
              },
              {
                "value": " world"
              }
            ],
            "bullet": "-"
          },
          {
            "fragments": [
              {
                "value": "unknown",
                "style_name": "unknown"
              },
              {
                "value": " world"
              }
            ]
          }
        ]
      }
    ],
    "title_heading_level": 1
  }
]