[
  {
    "layout": "title-and-body",
    "titles": [
      "Inline Style"
    ],
    "subtitles": [
      "Hello style"
    ],
    "bodies": [
      {
        "paragraphs": [
          {
            "fragments": [
              {
                "value": "Bold Italic",
                "bold": true,
                "italic": true
              },
              {
                "value": " and Italic",
                "italic": true
              }
            ],
            "bullet": "-"
          },
          {
            "fragments": [
              {
                "value": "Bold Italic",
                "bold": true,
                "italic": true
              },
              {
                "value": " and Bold",
                "bold": true
              }
            ],
            "bullet": "-"
          },
          {
            "fragments": [
              {
                "value": "code",
                "code": true
              },
              {
                "value": " and "
              },
              {
                "value": "code bold",
                "bold": true,
                "code": true
              }
            ],
            "bullet": "-"
          },
          {
            "fragments": [
              {
                "value": "Hello "
              },
              {
                "value": "notice",
                "style_name": "notice"
              }
            ],
            "bullet": "-"
          },
          {
            "fragments": [
              {
                "value": "unknown",
                "style_name": "unknown"
              },
              {
                "value": " world"
              }
            ],
            "bullet": "-"
          },
          {
            "fragments": [
              {
                "value": "Hello",
                "style_name": "del"
              },
              {
                "value": " Goodbye"
              }
            ],
            "bullet": "-"
          },
          {
            "fragments": [
              {
                "value": "unknown",
                "style_name": "unknown"
              },
              {
                "value": " world"
              }
            ]
          }
        ]
      }
    ],
    "headings": {
      "1": [
        "Inline Style"
      ],
      "2": [
        "Hello style"
      ]
    }
  },
  {
    "layout": "",
    "titles": [
      "Inline Style"
    ],
    "bodies": [
      {
        "paragraphs": [
          {
            "fragments": [
              {
                "value": "strikethrough",
                "style_name": "s"
              }
            ],
            "bullet": "-"
          },
          {
            "fragments": [
              {
                "value": "unarticulated annotation",
                "style_name": "u"
              }
            ],
            "bullet": "-"
          },
          {
            "fragments": [
              {
                "value": "C"
              },
              {
                "value": "8",
                "style_name": "sub"
              },
              {
                "value": "H"
              },
              {
                "value": "10",
                "style_name": "sub"
              },
              {
                "value": "N"
              },
              {
                "value": "4",
                "style_name": "sub"
              },
              {
                "value": "O"
              },
              {
                "value": "2",
                "style_name": "sub"
              },
              {
                "value": ", also known as \"caffeine.\""
              }
            ]
          },
          {
            "fragments": [
              {
                "value": "E",
                "style_name": "var"
              },
              {
                "value": "="
              },
              {
                "value": "mc",
                "style_name": "var"
              },
              {
                "value": "2",
                "style_name": "sup"
              },
              {
                "value": "."
              }
            ]
          }
        ]
      }
    ],
    "headings": {
      "2": [
        "Inline Style"
      ]
    }
  }
]