[
  {
    "layout": "",
    "titles": [
      "Table Test"
    ],
    "bodies": [
      {
        "paragraphs": [
          {
            "fragments": [
              {
                "value": "Simple table with alignments:"
              }
            ]
          }
        ]
      }
    ],
    "tables": [
      {
        "rows": [
          {
            "cells": [
              {
                "content": [
                  {
                    "value": "Name",
                    "bold": true
                  }
                ],
                "alignment": "START",
                "is_header": true
              },
              {
                "content": [
                  {
                    "value": "Age",
                    "bold": true
                  }
                ],
                "alignment": "CENTER",
                "is_header": true
              },
              {
                "content": [
                  {
                    "value": "City",
                    "bold": true
                  }
                ],
                "alignment": "END",
                "is_header": true
              }
            ]
          },
          {
            "cells": [
              {
                "content": [
                  {
                    "value": "Alice"
                  }
                ],
                "alignment": "START"
              },
              {
                "content": [
                  {
                    "value": "25"
                  }
                ],
                "alignment": "CENTER"
              },
              {
                "content": [
                  {
                    "value": "Tokyo"
                  }
                ],
                "alignment": "END"
              }
            ]
          },
          {
            "cells": [
              {
                "content": [
                  {
                    "value": "Bob"
                  }
                ],
                "alignment": "START"
              },
              {
                "content": [
                  {
                    "value": "30"
                  }
                ],
                "alignment": "CENTER"
              },
              {
                "content": [
                  {
                    "value": "Osaka"
                  }
                ],
                "alignment": "END"
              }
            ]
          }
        ]
      }
    ],
    "headings": {
      "1": [
        "Table Test"
      ]
    }
  },
  {
    "layout": "",
    "titles": [
      "Multiple Tables"
    ],
    "bodies": [
      {
        "paragraphs": [
          {
            "fragments": [
              {
                "value": "First table:"
              }
            ]
          },
          {
            "fragments": [
              {
                "value": "Second table:"
              }
            ]
          }
        ]
      }
    ],
    "tables": [
      {
        "rows": [
          {
            "cells": [
              {
                "content": [
                  {
                    "value": "Item",
                    "bold": true
                  }
                ],
                "alignment": "START",
                "is_header": true
              },
              {
                "content": [
                  {
                    "value": "Price",
                    "bold": true
                  }
                ],
                "alignment": "START",
                "is_header": true
              }
            ]
          },
          {
            "cells": [
              {
                "content": [
                  {
                    "value": "Apple"
                  }
                ],
                "alignment": "START"
              },
              {
                "content": [
                  {
                    "value": "$1.00"
                  }
                ],
                "alignment": "START"
              }
            ]
          },
          {
            "cells": [
              {
                "content": [
                  {
                    "value": "Banana"
                  }
                ],
                "alignment": "START"
              },
              {
                "content": [
                  {
                    "value": "$0.50"
                  }
                ],
                "alignment": "START"
              }
            ]
          }
        ]
      },
      {
        "rows": [
          {
            "cells": [
              {
                "content": [
                  {
                    "value": "Language",
                    "bold": true
                  }
                ],
                "alignment": "START",
                "is_header": true
              },
              {
                "content": [
                  {
                    "value": "Year",
                    "bold": true
                  }
                ],
                "alignment": "START",
                "is_header": true
              }
            ]
          },
          {
            "cells": [
              {
                "content": [
                  {
                    "value": "Go"
                  }
                ],
                "alignment": "START"
              },
              {
                "content": [
                  {
                    "value": "2009"
                  }
                ],
                "alignment": "START"
              }
            ]
          },
          {
            "cells": [
              {
                "content": [
                  {
                    "value": "Rust"
                  }
                ],
                "alignment": "START"
              },
              {
                "content": [
                  {
                    "value": "2010"
                  }
                ],
                "alignment": "START"
              }
            ]
          }
        ]
      }
    ],
    "headings": {
      "1": [
        "Multiple Tables"
      ]
    }
  },
  {
    "layout": "",
    "titles": [
      "Table with Complex Content"
    ],
    "tables": [
      {
        "rows": [
          {
            "cells": [
              {
                "content": [
                  {
                    "value": "Feature",
                    "bold": true
                  }
                ],
                "alignment": "START",
                "is_header": true
              },
              {
                "content": [
                  {
                    "value": "Bold",
                    "bold": true
                  }
                ],
                "alignment": "START",
                "is_header": true
              },
              {
                "content": [
                  {
                    "value": "Italic",
                    "bold": true,
                    "italic": true
                  }
                ],
                "alignment": "START",
                "is_header": true
              },
              {
                "content": [
                  {
                    "value": "Code",
                    "bold": true,
                    "code": true
                  }
                ],
                "alignment": "START",
                "is_header": true
              }
            ]
          },
          {
            "cells": [
              {
                "content": [
                  {
                    "value": "Text"
                  }
                ],
                "alignment": "START"
              },
              {
                "content": [
                  {
                    "value": "Important",
                    "bold": true
                  }
                ],
                "alignment": "START"
              },
              {
                "content": [
                  {
                    "value": "Emphasis",
                    "italic": true
                  }
                ],
                "alignment": "START"
              },
              {
                "content": [
                  {
                    "value": "function()",
                    "code": true
                  }
                ],
                "alignment": "START"
              }
            ]
          },
          {
            "cells": [
              {
                "content": [
                  {
                    "value": "Links"
                  }
                ],
                "alignment": "START"
              },
              {
                "content": [
                  {
                    "value": "Google",
                    "link": "https://google.com"
                  }
                ],
                "alignment": "START"
              },
              {
                "content": [
                  {
                    "value": "Link",
                    "italic": true
                  }
                ],
                "alignment": "START"
              },
              {
                "content": [
                  {
                    "value": "var x = 1",
                    "code": true
                  }
                ],
                "alignment": "START"
              }
            ]
          }
        ]
      }
    ],
    "headings": {
      "1": [
        "Table with Complex Content"
      ]
    }
  }
]